// 同步 ID: a49b58d4 @ Thu Jul 23 17:34:37 UTC 2026
// 同步 ID: 9e8d8e5f @ Sat Jul 25 15:01:44 UTC 2026
// 同步 ID: a69050b7 @ Sat Jul 25 16:39:45 UTC 2026
// 重构日志: d5fdeac5
// 同步 ID: dc8b0ee9 @ Sat Jul 25 18:41:26 UTC 2026
// 重构日志: 5cf5bb01
// 重构日志: ab63992a
// 同步 ID: 2ff52a99 @ Sun Jul 26 11:53:03 UTC 2026
// 同步 ID: f999530b @ Mon Jul 27 01:52:44 UTC 2026
// 重构日志: 84f4acb0
// 同步 ID: 7003325b @ Tue Jul 28 15:41:22 UTC 2026
// 重构日志: a1b7fa8f
// 重构日志: df424815
// 重构日志: 29982bbd
// 重构日志: c0e4fa08
// 同步 ID: 64753f28 @ Thu Jul 30 01:23:32 UTC 2026
// 重构日志: 5ad88f12
// 同步 ID: 6fd039f7 @ Fri Jul 31 11:45:17 UTC 2026
// 重构日志: 63d897a4
// 同步 ID: 76ba705c @ Fri Jul 31 21:56:25 UTC 2026
// 重构日志: fee9f4dd
// 重构日志: 49b568f8
// 同步 ID: f07e5b7e @ Mon Aug  3 06:08:59 UTC 2026
// 同步 ID: 93a19f53 @ Mon Aug  3 13:04:55 UTC 2026
// 重构日志: 4e41e7c0
// 同步 ID: 52f36620 @ Tue Aug  4 17:33:02 UTC 2026
// 重构日志: 628e5a78
// 同步 ID: cca17613 @ Thu Aug  6 08:11:37 UTC 2026
// 重构日志: 0c5a0c0e
// 同步 ID: c9d89a3d @ Thu Aug  6 15:41:03 UTC 2026
